[2026-09-14 00:30:25.719] [sweep] [info] === Generalized Sweep Parameters ===
[2026-09-14 00:30:25.720] [sweep] [info] Grid resolution: 4 x 4 x 4
[2026-09-14 00:30:25.720] [sweep] [info] Grid bbox min: (-0.2, -0.2, -0.2)
[2026-09-14 00:30:25.720] [sweep] [info] Grid bbox max: (1.2, 1.2, 1.2)
[2026-09-14 00:30:25.720] [sweep] [info] Envelope epsilon: 0.0005
[2026-09-14 00:30:25.720] [sweep] [info] Silhouette epsilon: 0.005
[2026-09-14 00:30:25.720] [sweep] [info] Max splits: 2147483647
[2026-09-14 00:30:25.720] [sweep] [info] Insideness check: false
[2026-09-14 00:30:25.720] [sweep] [info] Vertex snapping: false
[2026-09-14 00:30:25.720] [sweep] [info] Cyclic trajectory: false
[2026-09-14 00:30:25.720] [sweep] [info] Volume threshold: 1e-05
[2026-09-14 00:30:25.720] [sweep] [info] Face count threshold: 200
[2026-09-14 00:30:25.720] [sweep] [info] Adaptive refinement: true
[2026-09-14 00:30:25.720] [sweep] [info] Initial time samples: 8
[2026-09-14 00:30:25.720] [sweep] [info] Minimum tet radius ratio: 1e-05
[2026-09-14 00:30:25.720] [sweep] [info] Minimum tet edge length: 2e-05
[2026-09-14 00:30:25.720] [sweep] [info] =====================================
[2026-09-14 00:30:25.720] [sweep] [info] Initial grid generation time: 0.000415174 seconds
[2026-09-14 00:30:25.720] [sweep] [info] Adaptively refine the background grid...
[2026-09-14 00:30:50.067] [sweep] [info] 4D Vertex Number: 2581518 4D Tetrahedra Number: 54479604
[2026-09-14 00:30:50.261] [sweep] [info] Grid refinement time: 24.53977356 seconds
[2026-09-14 00:30:50.261] [mtetcol] [info] Set simplices with 197870 tets
[2026-09-14 00:30:50.556] [mtetcol] [info] num_vertices: 36878
[2026-09-14 00:30:50.556] [mtetcol] [info] num_edges: 234843
[2026-09-14 00:30:50.556] [mtetcol] [info] num_triangles: 395836
[2026-09-14 00:30:50.556] [mtetcol] [info] num_tetrahedra: 197870
[2026-09-14 00:30:50.608] [mtetcol] [info] Contour vertices: 239346
[2026-09-14 00:30:50.693] [mtetcol] [info] Contour segments: 1516203
[2026-09-14 00:30:50.873] [mtetcol] [info] Contour cycles: 2569526
[2026-09-14 00:30:51.007] [mtetcol] [info] Contour polyhedra: 1272831
[2026-09-14 00:30:51.292] [sweep] [info] Silhouette extraction time: 0.696489188 seconds
[2026-09-14 00:30:52.710] [sweep] [info] Envelope computation time: 1.378502045 seconds
[2026-09-14 00:30:55.620] [sweep] [info] Arrangement computation time: 2.90897282 seconds
[2026-09-14 00:30:55.629] [sweep] [info] Sweep surface extraction time: 0.008009715 seconds
[2026-09-14 00:30:55.689] [sweep] [info] Created output directory: /private/tmp/ju-sweep-showcase-20260914/letter_L-stock/mesh
[2026-09-14 00:30:55.834] [lagrange] [warning] Skipping saving edge attribute is_feature in MSH format
[2026-09-14 00:30:56.257] [sweep] [info] Saving time: 0.56739 seconds
