Maximum sampled gradient difference: 3.82172e-08
[2026-09-14 01:00:22.227] [sweep] [info] === Generalized Sweep Parameters ===
[2026-09-14 01:00:22.227] [sweep] [info] Grid resolution: 4 x 4 x 4
[2026-09-14 01:00:22.227] [sweep] [info] Grid bbox min: (-0.2, -0.2, -0.2)
[2026-09-14 01:00:22.227] [sweep] [info] Grid bbox max: (1.2, 1.2, 1.2)
[2026-09-14 01:00:22.227] [sweep] [info] Envelope epsilon: 0.002
[2026-09-14 01:00:22.227] [sweep] [info] Silhouette epsilon: 0.005
[2026-09-14 01:00:22.227] [sweep] [info] Max splits: 200000
[2026-09-14 01:00:22.227] [sweep] [info] Insideness check: true
[2026-09-14 01:00:22.227] [sweep] [info] Vertex snapping: true
[2026-09-14 01:00:22.227] [sweep] [info] Cyclic trajectory: false
[2026-09-14 01:00:22.227] [sweep] [info] Volume threshold: 1e-05
[2026-09-14 01:00:22.227] [sweep] [info] Face count threshold: 200
[2026-09-14 01:00:22.227] [sweep] [info] Adaptive refinement: true
[2026-09-14 01:00:22.227] [sweep] [info] Initial time samples: 8
[2026-09-14 01:00:22.227] [sweep] [info] Minimum tet radius ratio: 1e-05
[2026-09-14 01:00:22.227] [sweep] [info] Minimum tet edge length: 2e-05
[2026-09-14 01:00:22.227] [sweep] [info] =====================================
[2026-09-14 01:00:22.228] [sweep] [info] Initial grid generation time: 0.000631215 seconds
[2026-09-14 01:00:22.228] [sweep] [info] Adaptively refine the background grid...
[2026-09-14 01:01:23.969] [sweep] [info] 4D Vertex Number: 3832440 4D Tetrahedra Number: 77476460
[2026-09-14 01:01:24.488] [sweep] [info] Grid refinement time: 62.259142233 seconds
[2026-09-14 01:01:24.489] [mtetcol] [info] Set simplices with 750747 tets
[2026-09-14 01:01:25.694] [mtetcol] [info] num_vertices: 139576
[2026-09-14 01:01:25.694] [mtetcol] [info] num_edges: 890423
[2026-09-14 01:01:25.694] [mtetcol] [info] num_triangles: 1501595
[2026-09-14 01:01:25.694] [mtetcol] [info] num_tetrahedra: 750747
[2026-09-14 01:01:25.796] [mtetcol] [info] Contour vertices: 139576
[2026-09-14 01:01:25.854] [mtetcol] [info] Contour segments: 890423
[2026-09-14 01:01:26.005] [mtetcol] [info] Contour cycles: 1501595
[2026-09-14 01:01:26.048] [mtetcol] [info] Contour polyhedra: 750747
[2026-09-14 01:01:26.210] [sweep] [info] Silhouette extraction time: 0.430894434 seconds
[2026-09-14 01:01:29.394] [sweep] [info] Envelope computation time: 3.159373813 seconds
[2026-09-14 01:01:39.235] [sweep] [info] Arrangement computation time: 9.840487597 seconds
[2026-09-14 01:01:39.273] [sweep] [info] Sweep surface extraction time: 0.038035299 seconds
[2026-09-14 01:01:39.762] [lagrange] [warning] Skipping saving edge attribute is_feature in MSH format
