[2026-09-14 00:34:39.290] [sweep] [info] === Generalized Sweep Parameters ===
[2026-09-14 00:34:39.291] [sweep] [info] Grid resolution: 4 x 4 x 4
[2026-09-14 00:34:39.291] [sweep] [info] Grid bbox min: (-1, -1, -1)
[2026-09-14 00:34:39.291] [sweep] [info] Grid bbox max: (1, 1, 1)
[2026-09-14 00:34:39.291] [sweep] [info] Envelope epsilon: 0.002
[2026-09-14 00:34:39.291] [sweep] [info] Silhouette epsilon: 0.002
[2026-09-14 00:34:39.291] [sweep] [info] Max splits: 2147483647
[2026-09-14 00:34:39.291] [sweep] [info] Insideness check: true
[2026-09-14 00:34:39.291] [sweep] [info] Vertex snapping: false
[2026-09-14 00:34:39.291] [sweep] [info] Cyclic trajectory: false
[2026-09-14 00:34:39.291] [sweep] [info] Volume threshold: 1e-05
[2026-09-14 00:34:39.291] [sweep] [info] Face count threshold: 200
[2026-09-14 00:34:39.291] [sweep] [info] Adaptive refinement: true
[2026-09-14 00:34:39.291] [sweep] [info] Initial time samples: 8
[2026-09-14 00:34:39.291] [sweep] [info] Minimum tet radius ratio: 1e-05
[2026-09-14 00:34:39.291] [sweep] [info] Minimum tet edge length: 2e-05
[2026-09-14 00:34:39.291] [sweep] [info] =====================================
[2026-09-14 00:34:39.294] [sweep] [info] Initial grid generation time: 0.002421668 seconds
[2026-09-14 00:34:39.294] [sweep] [info] Adaptively refine the background grid...
[2026-09-14 00:34:40.416] [sweep] [info] 4D Vertex Number: 66123 4D Tetrahedra Number: 1271616
[2026-09-14 00:34:40.442] [sweep] [info] Grid refinement time: 1.148616358 seconds
[2026-09-14 00:34:40.442] [mtetcol] [info] Set simplices with 39738 tets
[2026-09-14 00:34:40.481] [mtetcol] [info] num_vertices: 7347
[2026-09-14 00:34:40.481] [mtetcol] [info] num_edges: 47180
[2026-09-14 00:34:40.481] [mtetcol] [info] num_triangles: 79572
[2026-09-14 00:34:40.481] [mtetcol] [info] num_tetrahedra: 39738
[2026-09-14 00:34:40.483] [mtetcol] [info] Contour vertices: 7347
[2026-09-14 00:34:40.485] [mtetcol] [info] Contour segments: 47180
[2026-09-14 00:34:40.489] [mtetcol] [info] Contour cycles: 79572
[2026-09-14 00:34:40.491] [mtetcol] [info] Contour polyhedra: 39738
[2026-09-14 00:34:40.497] [sweep] [info] Silhouette extraction time: 0.014019092 seconds
[2026-09-14 00:34:40.643] [sweep] [info] Envelope computation time: 0.145078777 seconds
[2026-09-14 00:34:40.865] [sweep] [info] Arrangement computation time: 0.222440503 seconds
[2026-09-14 00:34:40.866] [sweep] [info] Sweep surface extraction time: 0.001080686 seconds
[2026-09-14 00:34:40.869] [sweep] [info] Created output directory: /private/tmp/ju-sweep-results-20260914/simple-coarse/mesh
[2026-09-14 00:34:40.896] [lagrange] [warning] Skipping saving edge attribute is_feature in MSH format
[2026-09-14 00:34:40.970] [sweep] [info] Saving time: 0.100882 seconds
