[2026-09-14 00:36:17.093] [sweep] [info] === Generalized Sweep Parameters ===
[2026-09-14 00:36:17.095] [sweep] [info] Grid resolution: 4 x 4 x 4
[2026-09-14 00:36:17.095] [sweep] [info] Grid bbox min: (-0.2, -0.2, -0.2)
[2026-09-14 00:36:17.095] [sweep] [info] Grid bbox max: (1.2, 1.2, 1.2)
[2026-09-14 00:36:17.095] [sweep] [info] Envelope epsilon: 0.0005
[2026-09-14 00:36:17.095] [sweep] [info] Silhouette epsilon: 0.005
[2026-09-14 00:36:17.095] [sweep] [info] Max splits: 2147483647
[2026-09-14 00:36:17.095] [sweep] [info] Insideness check: true
[2026-09-14 00:36:17.095] [sweep] [info] Vertex snapping: true
[2026-09-14 00:36:17.095] [sweep] [info] Cyclic trajectory: false
[2026-09-14 00:36:17.095] [sweep] [info] Volume threshold: 0
[2026-09-14 00:36:17.095] [sweep] [info] Face count threshold: 0
[2026-09-14 00:36:17.095] [sweep] [info] Adaptive refinement: true
[2026-09-14 00:36:17.095] [sweep] [info] Initial time samples: 8
[2026-09-14 00:36:17.095] [sweep] [info] Minimum tet radius ratio: 1e-05
[2026-09-14 00:36:17.095] [sweep] [info] Minimum tet edge length: 2e-05
[2026-09-14 00:36:17.095] [sweep] [info] =====================================
[2026-09-14 00:36:17.096] [sweep] [info] Initial grid generation time: 0.000717761 seconds
[2026-09-14 00:36:17.096] [sweep] [info] Adaptively refine the background grid...
[2026-09-14 00:36:36.447] [sweep] [info] 4D Vertex Number: 1122138 4D Tetrahedra Number: 23251324
[2026-09-14 00:36:36.654] [sweep] [info] Grid refinement time: 19.558376713 seconds
[2026-09-14 00:36:36.655] [mtetcol] [info] Set simplices with 279912 tets
[2026-09-14 00:36:37.077] [mtetcol] [info] num_vertices: 50865
[2026-09-14 00:36:37.078] [mtetcol] [info] num_edges: 330879
[2026-09-14 00:36:37.078] [mtetcol] [info] num_triangles: 559927
[2026-09-14 00:36:37.078] [mtetcol] [info] num_tetrahedra: 279912
[2026-09-14 00:36:37.120] [mtetcol] [info] Contour vertices: 231143
[2026-09-14 00:36:37.229] [mtetcol] [info] Contour segments: 1482566
[2026-09-14 00:36:37.422] [mtetcol] [info] Contour cycles: 2539876
[2026-09-14 00:36:37.601] [mtetcol] [info] Contour polyhedra: 1242322
[2026-09-14 00:36:37.854] [sweep] [info] Silhouette extraction time: 0.740463405 seconds
[2026-09-14 00:36:39.658] [sweep] [info] Envelope computation time: 1.77452374 seconds
[2026-09-14 00:36:48.617] [sweep] [info] Arrangement computation time: 8.958409248 seconds
[2026-09-14 00:36:48.630] [sweep] [info] Sweep surface extraction time: 0.012742595 seconds
[2026-09-14 00:36:48.674] [sweep] [info] Created output directory: /private/tmp/ju-sweep-showcase-20260914/flipping_torus-no-filter/mesh
[2026-09-14 00:36:48.904] [lagrange] [warning] Skipping saving edge attribute is_feature in MSH format
[2026-09-14 00:36:49.658] [sweep] [info] Saving time: 0.9848279999999999 seconds
