[2026-09-14 00:44:04.053] [sweep] [info] === Generalized Sweep Parameters ===
[2026-09-14 00:44:04.054] [sweep] [info] Grid resolution: 4 x 4 x 4
[2026-09-14 00:44:04.054] [sweep] [info] Grid bbox min: (-1, -1, -1)
[2026-09-14 00:44:04.054] [sweep] [info] Grid bbox max: (1, 1, 1)
[2026-09-14 00:44:04.054] [sweep] [info] Envelope epsilon: 0.0005
[2026-09-14 00:44:04.054] [sweep] [info] Silhouette epsilon: 0.0005
[2026-09-14 00:44:04.054] [sweep] [info] Max splits: 2147483647
[2026-09-14 00:44:04.054] [sweep] [info] Insideness check: true
[2026-09-14 00:44:04.054] [sweep] [info] Vertex snapping: false
[2026-09-14 00:44:04.054] [sweep] [info] Cyclic trajectory: false
[2026-09-14 00:44:04.054] [sweep] [info] Volume threshold: 1e-05
[2026-09-14 00:44:04.054] [sweep] [info] Face count threshold: 200
[2026-09-14 00:44:04.054] [sweep] [info] Adaptive refinement: true
[2026-09-14 00:44:04.054] [sweep] [info] Initial time samples: 8
[2026-09-14 00:44:04.054] [sweep] [info] Minimum tet radius ratio: 1e-05
[2026-09-14 00:44:04.054] [sweep] [info] Minimum tet edge length: 2e-05
[2026-09-14 00:44:04.054] [sweep] [info] =====================================
[2026-09-14 00:44:04.057] [sweep] [info] Initial grid generation time: 0.002705696 seconds
[2026-09-14 00:44:04.057] [sweep] [info] Adaptively refine the background grid...
[2026-09-14 00:44:09.328] [sweep] [info] 4D Vertex Number: 261333 4D Tetrahedra Number: 5034432
[2026-09-14 00:44:09.423] [sweep] [info] Grid refinement time: 5.366498809 seconds
[2026-09-14 00:44:09.423] [mtetcol] [info] Set simplices with 157326 tets
[2026-09-14 00:44:09.641] [mtetcol] [info] num_vertices: 29037
[2026-09-14 00:44:09.641] [mtetcol] [info] num_edges: 186458
[2026-09-14 00:44:09.641] [mtetcol] [info] num_triangles: 314748
[2026-09-14 00:44:09.641] [mtetcol] [info] num_tetrahedra: 157326
[2026-09-14 00:44:09.652] [mtetcol] [info] Contour vertices: 29037
[2026-09-14 00:44:09.661] [mtetcol] [info] Contour segments: 186458
[2026-09-14 00:44:09.683] [mtetcol] [info] Contour cycles: 314748
[2026-09-14 00:44:09.689] [mtetcol] [info] Contour polyhedra: 157326
[2026-09-14 00:44:09.720] [sweep] [info] Silhouette extraction time: 0.069873995 seconds
[2026-09-14 00:44:10.413] [sweep] [info] Envelope computation time: 0.690074944 seconds
[2026-09-14 00:44:11.708] [sweep] [info] Arrangement computation time: 1.294627552 seconds
[2026-09-14 00:44:11.714] [sweep] [info] Sweep surface extraction time: 0.004799136 seconds
[2026-09-14 00:44:11.732] [sweep] [info] Created output directory: /private/tmp/ju-sweep-results-20260914/simple-offset/mesh
[2026-09-14 00:44:11.864] [lagrange] [warning] Skipping saving edge attribute is_feature in MSH format
[2026-09-14 00:44:12.261] [sweep] [info] Saving time: 0.5291279999999999 seconds
