[2026-09-14 00:39:47.727] [sweep] [info] === Generalized Sweep Parameters ===
[2026-09-14 00:39:47.727] [sweep] [info] Grid resolution: 4 x 4 x 4
[2026-09-14 00:39:47.727] [sweep] [info] Grid bbox min: (-1, -1, -1)
[2026-09-14 00:39:47.727] [sweep] [info] Grid bbox max: (1, 1, 1)
[2026-09-14 00:39:47.727] [sweep] [info] Envelope epsilon: 0.0005
[2026-09-14 00:39:47.727] [sweep] [info] Silhouette epsilon: 0.0005
[2026-09-14 00:39:47.727] [sweep] [info] Max splits: 2147483647
[2026-09-14 00:39:47.727] [sweep] [info] Insideness check: true
[2026-09-14 00:39:47.728] [sweep] [info] Vertex snapping: false
[2026-09-14 00:39:47.728] [sweep] [info] Cyclic trajectory: false
[2026-09-14 00:39:47.728] [sweep] [info] Volume threshold: 1e-05
[2026-09-14 00:39:47.728] [sweep] [info] Face count threshold: 200
[2026-09-14 00:39:47.728] [sweep] [info] Adaptive refinement: true
[2026-09-14 00:39:47.728] [sweep] [info] Initial time samples: 8
[2026-09-14 00:39:47.728] [sweep] [info] Minimum tet radius ratio: 1e-05
[2026-09-14 00:39:47.728] [sweep] [info] Minimum tet edge length: 2e-05
[2026-09-14 00:39:47.728] [sweep] [info] =====================================
[2026-09-14 00:39:47.728] [sweep] [info] Initial grid generation time: 0.000443776 seconds
[2026-09-14 00:39:47.728] [sweep] [info] Adaptively refine the background grid...
[2026-09-14 00:39:53.462] [sweep] [info] 4D Vertex Number: 298107 4D Tetrahedra Number: 5794144
[2026-09-14 00:39:53.530] [sweep] [info] Grid refinement time: 5.802206408 seconds
[2026-09-14 00:39:53.530] [mtetcol] [info] Set simplices with 181067 tets
[2026-09-14 00:39:53.762] [mtetcol] [info] num_vertices: 33123
[2026-09-14 00:39:53.762] [mtetcol] [info] num_edges: 214286
[2026-09-14 00:39:53.762] [mtetcol] [info] num_triangles: 362231
[2026-09-14 00:39:53.762] [mtetcol] [info] num_tetrahedra: 181067
[2026-09-14 00:39:53.773] [mtetcol] [info] Contour vertices: 33123
[2026-09-14 00:39:53.785] [mtetcol] [info] Contour segments: 214286
[2026-09-14 00:39:53.810] [mtetcol] [info] Contour cycles: 362231
[2026-09-14 00:39:53.820] [mtetcol] [info] Contour polyhedra: 181067
[2026-09-14 00:39:53.856] [sweep] [info] Silhouette extraction time: 0.083918037 seconds
[2026-09-14 00:39:54.537] [sweep] [info] Envelope computation time: 0.678231183 seconds
[2026-09-14 00:39:55.446] [sweep] [info] Arrangement computation time: 0.908384481 seconds
[2026-09-14 00:39:55.449] [sweep] [info] Sweep surface extraction time: 0.002601203 seconds
[2026-09-14 00:39:55.464] [sweep] [info] Created output directory: /private/tmp/ju-sweep-results-20260914/simple-rotated/mesh
[2026-09-14 00:39:55.583] [lagrange] [warning] Skipping saving edge attribute is_feature in MSH format
[2026-09-14 00:39:55.916] [sweep] [info] Saving time: 0.451945 seconds
