[2026-09-14 00:35:06.800] [sweep] [info] === Generalized Sweep Parameters ===
[2026-09-14 00:35:06.801] [sweep] [info] Grid resolution: 4 x 4 x 4
[2026-09-14 00:35:06.801] [sweep] [info] Grid bbox min: (-1, -1, -1)
[2026-09-14 00:35:06.801] [sweep] [info] Grid bbox max: (1, 1, 1)
[2026-09-14 00:35:06.801] [sweep] [info] Envelope epsilon: 0.00025
[2026-09-14 00:35:06.801] [sweep] [info] Silhouette epsilon: 0.00025
[2026-09-14 00:35:06.801] [sweep] [info] Max splits: 2147483647
[2026-09-14 00:35:06.801] [sweep] [info] Insideness check: true
[2026-09-14 00:35:06.801] [sweep] [info] Vertex snapping: false
[2026-09-14 00:35:06.801] [sweep] [info] Cyclic trajectory: false
[2026-09-14 00:35:06.801] [sweep] [info] Volume threshold: 1e-05
[2026-09-14 00:35:06.801] [sweep] [info] Face count threshold: 200
[2026-09-14 00:35:06.801] [sweep] [info] Adaptive refinement: true
[2026-09-14 00:35:06.801] [sweep] [info] Initial time samples: 8
[2026-09-14 00:35:06.801] [sweep] [info] Minimum tet radius ratio: 1e-05
[2026-09-14 00:35:06.801] [sweep] [info] Minimum tet edge length: 2e-05
[2026-09-14 00:35:06.801] [sweep] [info] =====================================
[2026-09-14 00:35:06.802] [sweep] [info] Initial grid generation time: 0.000744297 seconds
[2026-09-14 00:35:06.802] [sweep] [info] Adaptively refine the background grid...
[2026-09-14 00:35:21.296] [sweep] [info] 4D Vertex Number: 589167 4D Tetrahedra Number: 11240352
[2026-09-14 00:35:21.538] [sweep] [info] Grid refinement time: 14.735301573 seconds
[2026-09-14 00:35:21.538] [mtetcol] [info] Set simplices with 351261 tets
[2026-09-14 00:35:22.113] [mtetcol] [info] num_vertices: 65463
[2026-09-14 00:35:22.113] [mtetcol] [info] num_edges: 416819
[2026-09-14 00:35:22.113] [mtetcol] [info] num_triangles: 702618
[2026-09-14 00:35:22.113] [mtetcol] [info] num_tetrahedra: 351261
[2026-09-14 00:35:22.146] [mtetcol] [info] Contour vertices: 65463
[2026-09-14 00:35:22.170] [mtetcol] [info] Contour segments: 416819
[2026-09-14 00:35:22.251] [mtetcol] [info] Contour cycles: 702618
[2026-09-14 00:35:22.268] [mtetcol] [info] Contour polyhedra: 351261
[2026-09-14 00:35:22.360] [sweep] [info] Silhouette extraction time: 0.219108678 seconds
[2026-09-14 00:35:24.537] [sweep] [info] Envelope computation time: 2.170033504 seconds
[2026-09-14 00:35:27.336] [sweep] [info] Arrangement computation time: 2.798500193 seconds
[2026-09-14 00:35:27.345] [sweep] [info] Sweep surface extraction time: 0.008626558 seconds
[2026-09-14 00:35:27.374] [sweep] [info] Created output directory: /private/tmp/ju-sweep-results-20260914/simple-fine/mesh
[2026-09-14 00:35:27.659] [lagrange] [warning] Skipping saving edge attribute is_feature in MSH format
[2026-09-14 00:35:28.643] [sweep] [info] Saving time: 1.269992 seconds
