[2026-09-14 00:31:35.119] [sweep] [info] === Generalized Sweep Parameters ===
[2026-09-14 00:31:35.119] [sweep] [info] Grid resolution: 4 x 4 x 4
[2026-09-14 00:31:35.119] [sweep] [info] Grid bbox min: (-0.2, -0.2, -0.2)
[2026-09-14 00:31:35.119] [sweep] [info] Grid bbox max: (1.2, 1.2, 1.2)
[2026-09-14 00:31:35.119] [sweep] [info] Envelope epsilon: 0.0005
[2026-09-14 00:31:35.119] [sweep] [info] Silhouette epsilon: 0.005
[2026-09-14 00:31:35.119] [sweep] [info] Max splits: 2147483647
[2026-09-14 00:31:35.119] [sweep] [info] Insideness check: true
[2026-09-14 00:31:35.120] [sweep] [info] Vertex snapping: true
[2026-09-14 00:31:35.120] [sweep] [info] Cyclic trajectory: false
[2026-09-14 00:31:35.120] [sweep] [info] Volume threshold: 1e-05
[2026-09-14 00:31:35.120] [sweep] [info] Face count threshold: 200
[2026-09-14 00:31:35.120] [sweep] [info] Adaptive refinement: true
[2026-09-14 00:31:35.120] [sweep] [info] Initial time samples: 8
[2026-09-14 00:31:35.120] [sweep] [info] Minimum tet radius ratio: 1e-05
[2026-09-14 00:31:35.120] [sweep] [info] Minimum tet edge length: 2e-05
[2026-09-14 00:31:35.120] [sweep] [info] =====================================
[2026-09-14 00:31:35.120] [sweep] [info] Initial grid generation time: 0.000403307 seconds
[2026-09-14 00:31:35.120] [sweep] [info] Adaptively refine the background grid...
[2026-09-14 00:31:51.501] [sweep] [info] 4D Vertex Number: 1122138 4D Tetrahedra Number: 23251324
[2026-09-14 00:31:51.767] [sweep] [info] Grid refinement time: 16.646900009 seconds
[2026-09-14 00:31:51.767] [mtetcol] [info] Set simplices with 279912 tets
[2026-09-14 00:31:52.468] [mtetcol] [info] num_vertices: 50865
[2026-09-14 00:31:52.469] [mtetcol] [info] num_edges: 330879
[2026-09-14 00:31:52.469] [mtetcol] [info] num_triangles: 559927
[2026-09-14 00:31:52.469] [mtetcol] [info] num_tetrahedra: 279912
[2026-09-14 00:31:52.524] [mtetcol] [info] Contour vertices: 231143
[2026-09-14 00:31:52.629] [mtetcol] [info] Contour segments: 1482566
[2026-09-14 00:31:52.868] [mtetcol] [info] Contour cycles: 2539876
[2026-09-14 00:31:53.115] [mtetcol] [info] Contour polyhedra: 1242322
[2026-09-14 00:31:53.475] [sweep] [info] Silhouette extraction time: 0.957880833 seconds
[2026-09-14 00:31:56.103] [sweep] [info] Envelope computation time: 2.587964575 seconds
[2026-09-14 00:32:10.772] [sweep] [info] Arrangement computation time: 14.667637075 seconds
[2026-09-14 00:32:10.791] [sweep] [info] Sweep surface extraction time: 0.017675776 seconds
[2026-09-14 00:32:10.848] [sweep] [info] Created output directory: /private/tmp/ju-sweep-showcase-20260914/flipping_torus-stock/mesh
[2026-09-14 00:32:11.187] [lagrange] [warning] Skipping saving edge attribute is_feature in MSH format
[2026-09-14 00:32:12.240] [sweep] [info] Saving time: 1.39262 seconds
