[2026-09-14 00:32:20.893] [sweep] [info] === Generalized Sweep Parameters ===
[2026-09-14 00:32:20.894] [sweep] [info] Grid resolution: 4 x 4 x 4
[2026-09-14 00:32:20.894] [sweep] [info] Grid bbox min: (-1, -1, -1)
[2026-09-14 00:32:20.894] [sweep] [info] Grid bbox max: (1, 1, 1)
[2026-09-14 00:32:20.894] [sweep] [info] Envelope epsilon: 0.0005
[2026-09-14 00:32:20.894] [sweep] [info] Silhouette epsilon: 0.0005
[2026-09-14 00:32:20.894] [sweep] [info] Max splits: 2147483647
[2026-09-14 00:32:20.894] [sweep] [info] Insideness check: true
[2026-09-14 00:32:20.894] [sweep] [info] Vertex snapping: false
[2026-09-14 00:32:20.894] [sweep] [info] Cyclic trajectory: false
[2026-09-14 00:32:20.894] [sweep] [info] Volume threshold: 0
[2026-09-14 00:32:20.894] [sweep] [info] Face count threshold: 0
[2026-09-14 00:32:20.894] [sweep] [info] Adaptive refinement: true
[2026-09-14 00:32:20.894] [sweep] [info] Initial time samples: 8
[2026-09-14 00:32:20.894] [sweep] [info] Minimum tet radius ratio: 1e-05
[2026-09-14 00:32:20.894] [sweep] [info] Minimum tet edge length: 2e-05
[2026-09-14 00:32:20.894] [sweep] [info] =====================================
[2026-09-14 00:32:20.895] [sweep] [info] Initial grid generation time: 0.000837538 seconds
[2026-09-14 00:32:20.895] [sweep] [info] Adaptively refine the background grid...
[2026-09-14 00:32:26.696] [sweep] [info] 4D Vertex Number: 261441 4D Tetrahedra Number: 5062912
[2026-09-14 00:32:26.781] [sweep] [info] Grid refinement time: 5.886306999 seconds
[2026-09-14 00:32:26.781] [mtetcol] [info] Set simplices with 158216 tets
[2026-09-14 00:32:26.977] [mtetcol] [info] num_vertices: 29049
[2026-09-14 00:32:26.977] [mtetcol] [info] num_edges: 187360
[2026-09-14 00:32:26.977] [mtetcol] [info] num_triangles: 316528
[2026-09-14 00:32:26.977] [mtetcol] [info] num_tetrahedra: 158216
[2026-09-14 00:32:26.986] [mtetcol] [info] Contour vertices: 29049
[2026-09-14 00:32:26.994] [mtetcol] [info] Contour segments: 187360
[2026-09-14 00:32:27.016] [mtetcol] [info] Contour cycles: 316528
[2026-09-14 00:32:27.024] [mtetcol] [info] Contour polyhedra: 158216
[2026-09-14 00:32:27.052] [sweep] [info] Silhouette extraction time: 0.067295763 seconds
[2026-09-14 00:32:27.616] [sweep] [info] Envelope computation time: 0.560641524 seconds
[2026-09-14 00:32:28.608] [sweep] [info] Arrangement computation time: 0.992392041 seconds
[2026-09-14 00:32:28.611] [sweep] [info] Sweep surface extraction time: 0.002186234 seconds
[2026-09-14 00:32:28.624] [sweep] [info] Created output directory: /private/tmp/ju-sweep-results-20260914/simple-no-filter/mesh
[2026-09-14 00:32:28.727] [lagrange] [warning] Skipping saving edge attribute is_feature in MSH format
[2026-09-14 00:32:29.048] [sweep] [info] Saving time: 0.42394899999999996 seconds
