[2026-09-14 00:27:58.262] [sweep] [info] === Generalized Sweep Parameters ===
[2026-09-14 00:27:58.263] [sweep] [info] Grid resolution: 4 x 4 x 4
[2026-09-14 00:27:58.263] [sweep] [info] Grid bbox min: (-1, -1, -1)
[2026-09-14 00:27:58.263] [sweep] [info] Grid bbox max: (1, 1, 1)
[2026-09-14 00:27:58.263] [sweep] [info] Envelope epsilon: 0.0005
[2026-09-14 00:27:58.263] [sweep] [info] Silhouette epsilon: 0.0005
[2026-09-14 00:27:58.263] [sweep] [info] Max splits: 2147483647
[2026-09-14 00:27:58.263] [sweep] [info] Insideness check: true
[2026-09-14 00:27:58.263] [sweep] [info] Vertex snapping: false
[2026-09-14 00:27:58.263] [sweep] [info] Cyclic trajectory: false
[2026-09-14 00:27:58.263] [sweep] [info] Volume threshold: 1e-05
[2026-09-14 00:27:58.263] [sweep] [info] Face count threshold: 200
[2026-09-14 00:27:58.263] [sweep] [info] Adaptive refinement: true
[2026-09-14 00:27:58.263] [sweep] [info] Initial time samples: 8
[2026-09-14 00:27:58.263] [sweep] [info] Minimum tet radius ratio: 1e-05
[2026-09-14 00:27:58.263] [sweep] [info] Minimum tet edge length: 2e-05
[2026-09-14 00:27:58.263] [sweep] [info] =====================================
[2026-09-14 00:27:58.263] [sweep] [info] Initial grid generation time: 0.000397641 seconds
[2026-09-14 00:27:58.263] [sweep] [info] Adaptively refine the background grid...
[2026-09-14 00:28:03.239] [sweep] [info] 4D Vertex Number: 261441 4D Tetrahedra Number: 5062912
[2026-09-14 00:28:03.340] [sweep] [info] Grid refinement time: 5.076167518 seconds
[2026-09-14 00:28:03.340] [mtetcol] [info] Set simplices with 158216 tets
[2026-09-14 00:28:03.596] [mtetcol] [info] num_vertices: 29049
[2026-09-14 00:28:03.596] [mtetcol] [info] num_edges: 187360
[2026-09-14 00:28:03.596] [mtetcol] [info] num_triangles: 316528
[2026-09-14 00:28:03.596] [mtetcol] [info] num_tetrahedra: 158216
[2026-09-14 00:28:03.609] [mtetcol] [info] Contour vertices: 29049
[2026-09-14 00:28:03.619] [mtetcol] [info] Contour segments: 187360
[2026-09-14 00:28:03.639] [mtetcol] [info] Contour cycles: 316528
[2026-09-14 00:28:03.647] [mtetcol] [info] Contour polyhedra: 158216
[2026-09-14 00:28:03.676] [sweep] [info] Silhouette extraction time: 0.068190684 seconds
[2026-09-14 00:28:04.355] [sweep] [info] Envelope computation time: 0.67738556 seconds
[2026-09-14 00:28:05.296] [sweep] [info] Arrangement computation time: 0.940584671 seconds
[2026-09-14 00:28:05.298] [sweep] [info] Sweep surface extraction time: 0.002092425 seconds
[2026-09-14 00:28:05.311] [sweep] [info] Created output directory: /private/tmp/ju-sweep-results-20260914/simple-stock/mesh
[2026-09-14 00:28:05.445] [lagrange] [warning] Skipping saving edge attribute is_feature in MSH format
[2026-09-14 00:28:05.769] [sweep] [info] Saving time: 0.457762 seconds
